<testsuites name="jest tests" tests="1" failures="0" time="0.629">
  <testsuite name="undefined" errors="0" failures="0" skipped="0" timestamp="2021-08-15T22:04:05" time="0.629" tests="1">
    <testcase classname=" renders without crashing" name=" renders without crashing" time="0.022">
    </testcase>
  </testsuite>
</testsuites>